exports[`App Tests App should match the snapshot 1`] = `undefined`;
